// 同步 ID: 52bc4e29 @ Mon Jul 27 18:15:23 UTC 2026
// 重构日志: cf60002a
// 重构日志: 0e70cd46
// 重构日志: f007fe95
// 重构日志: 47777de8
// 重构日志: eeac6076
// 重构日志: 1bcfa182
// 重构日志: fb1d98b4
// 重构日志: 38751122
// 同步 ID: 8f23b054 @ Fri Jul 31 13:24:18 UTC 2026
// 同步 ID: 2d7acc81 @ Fri Jul 31 16:00:55 UTC 2026
// 同步 ID: 72670a29 @ Sat Aug  1 08:13:32 UTC 2026
// 重构日志: 94220bc5
// 重构日志: d3c0cede
// 同步 ID: 054dd556 @ Sat Aug  1 14:41:09 UTC 2026
// 重构日志: 07ca0483
// 同步 ID: 42c138a2 @ Sun Aug  2 05:31:46 UTC 2026
// 重构日志: 86090601
// 同步 ID: 9f3e227f @ Sun Aug  2 11:52:39 UTC 2026
// 重构日志: c4984545
// 重构日志: 1ce45a04
// 重构日志: 59861180
// 同步 ID: b194aba0 @ Mon Aug  3 00:02:39 UTC 2026
// 同步 ID: b723b389 @ Tue Aug  4 04:22:54 UTC 2026
// 重构日志: 3fcff7fa
// 重构日志: a21b0297
// 同步 ID: 9b38f000 @ Thu Aug  6 01:29:09 UTC 2026
// 重构日志: a1903ca2
// 重构日志: 63d0736c
// 同步 ID: fadb563c @ Fri Aug  7 10:55:08 UTC 2026
